// Jest Snapshot v1, https://goo.gl/fbAQLP

exports[`Header renders correctly 1`] = `
<Navbar
  className="header"
  expand="md"
  tag="nav"
>
  <Container
    className="header-container"
    tag="div"
  >
    <NavbarBrand
      href="#home"
      tag="a"
    >
      <img
        alt="Befu"
        src="test-file-stub"
      />
    </NavbarBrand>
    <Nav
      className="align-content-end"
      navbar={true}
      tag="ul"
      vertical={false}
    >
      <UncontrolledDropdown
        inNavbar={true}
        nav={true}
      >
        <DropdownToggle
          aria-haspopup={true}
          caret={true}
          className="navigation-link"
          color="secondary"
          nav={true}
        >
          Hi, Dr. Alex
        </DropdownToggle>
        <DropdownMenu
          flip={true}
          right={true}
          tag="div"
        >
          <DropdownItem
            tag="button"
            toggle={true}
          >
            Account
          </DropdownItem>
          <DropdownItem
            divider={true}
            tag="button"
            toggle={true}
          />
          <DropdownItem
            tag="button"
            toggle={true}
          >
            Logout
          </DropdownItem>
        </DropdownMenu>
      </UncontrolledDropdown>
    </Nav>
  </Container>
</Navbar>
`;
