// Jest Snapshot v1, https://goo.gl/fbAQLP

exports[`Patient base form renders correctly 1`] = `
<Form
  onSubmit={[Function]}
  tag="form"
>
  <FormGroup
    tag="div"
  >
    <Label
      for="first_name"
      tag="label"
      widths={
        Array [
          "xs",
          "sm",
          "md",
          "lg",
          "xl",
        ]
      }
    >
      First Name
    </Label>
    <Input
      id="first_name"
      onChange={[Function]}
      placeholder="First Name"
      type="text"
      value="Cristian"
    />
  </FormGroup>
  <FormGroup
    tag="div"
  >
    <Label
      for="last_name"
      tag="label"
      widths={
        Array [
          "xs",
          "sm",
          "md",
          "lg",
          "xl",
        ]
      }
    >
      Last Name
    </Label>
    <Input
      id="last_name"
      onChange={[Function]}
      placeholder="Last Name"
      type="text"
      value="Ronaldo"
    />
  </FormGroup>
  <FormGroup
    tag="div"
  >
    <Label
      for="date_of_birth"
      tag="label"
      widths={
        Array [
          "xs",
          "sm",
          "md",
          "lg",
          "xl",
        ]
      }
    >
      Date of Birth
    </Label>
    <Input
      id="date_of_birth"
      onChange={[Function]}
      placeholder="Date of Birth"
      type="date"
      value="1980-01-15"
    />
  </FormGroup>
  <FormGroup
    tag="div"
  >
    <Label
      for="sex"
      tag="label"
      widths={
        Array [
          "xs",
          "sm",
          "md",
          "lg",
          "xl",
        ]
      }
    >
      Sex
    </Label>
    <Input
      id="sex"
      onChange={[Function]}
      placeholder="Sex"
      type="select"
      value="male"
    >
      <option>
        female
      </option>
      <option>
        male
      </option>
    </Input>
  </FormGroup>
  <div
    className="text-right"
  >
    <Button
      color="primary"
      tag="button"
    >
      Save Patient
    </Button>
  </div>
</Form>
`;
