// Jest Snapshot v1, https://goo.gl/fbAQLP

exports[`Edit patients renders correctly 1`] = `
<Fragment>
  <div
    className="title"
  >
    <h1>
      Edit Patient
    </h1>
  </div>
  <BaseForm
    onSubmit={[Function]}
    patient={
      Object {
        "address": Object {
          "data": Object {
            "city": "Bamenda",
            "country": "CM",
            "house_number": "14B",
            "street": "Street",
            "zipcode": "34352-B",
          },
        },
        "id": 1,
        "identifier": "pijkl7087807",
        "pre_existing_conditions": Object {
          "data": Array [
            Object {
              "id": 1,
              "name": "asthma",
            },
          ],
        },
        "user": Object {
          "data": Object {
            "date_of_birth": "1980-01-15",
            "first_name": "Cristian",
            "id": 1,
            "last_name": "Ronaldo",
            "sex": "male",
          },
        },
        "user_id": 1,
      }
    }
  />
</Fragment>
`;
